[
  {
    "language": "English",
    "speaker": "Speaker B",
    "text": "Hear me. Hi. How are you doing? ",
    "timestamp": 1681321016359
  },
  {
    "language": "English",
    "speaker": "Speaker A",
    "text": "Yeah. Good. Are you? ",
    "timestamp": 1681321026266
  },
  {
    "language": "English",
    "speaker": "Speaker B",
    "text": "Awesome. I am doing well. I am at a interesting workshop. In New York. Sorry, I'm not well my camera on ",
    "timestamp": 1681321028625
  },
  {
    "language": "English",
    "speaker": "Speaker A",
    "text": "On the problem. ",
    "timestamp": 1681321038357
  },
  {
    "language": "English",
    "speaker": "Speaker B",
    "text": "but yeah, just just wanted to Quickly touch base on a few threads. So on some of the design questions. Cam was out but this afternoon, he's gonna hop in the slack. um, and hopefully put together like a default state. When there is no avatar for the user, and then ask the figma question. I wanted to touch base on that edge case. And make sure we're on the same page. so, to clarify, is this one a user would Sign in. From using a browser that's not chrome or is there. Something I'm missing. ",
    "timestamp": 1681321085987
  },
  {
    "language": "English",
    "speaker": "Speaker A",
    "text": "Well, it's we're both. So you go to recap.com and you click sign in and you don't have the extension install. What do you see? ",
    "timestamp": 1681321095521
  },
  {
    "language": "English",
    "speaker": "Speaker B",
    "text": "Gotcha, I think. so, in onboarding, we're now forcing Install of the extension. There's no, we're removing the skip button, so folks will have to have it installed. ",
    "timestamp": 1681321108668
  },
  {
    "language": "English",
    "speaker": "Speaker A",
    "text": "And regarding that actually. ",
    "timestamp": 1681321109402
  },
  {
    "language": "English",
    "speaker": "Speaker B",
    "text": "Are you? ",
    "timestamp": 1681321117241
  },
  {
    "language": "English",
    "speaker": "Speaker A",
    "text": "They have. So we have log on Jason. Jason is more focusing on the front end. And like, he started implementing V3. Of the core views. and at all, We will not have time to do this but he he had time to do it, so it, okay. ",
    "timestamp": 1681321132416
  },
  {
    "language": "English",
    "speaker": "Speaker B",
    "text": "Oh awesome. ",
    "timestamp": 1681321140769
  },
  {
    "language": "English",
    "speaker": "Speaker A",
    "text": "So, okay. Well, maybe Maybe we should just go with V3 then. That works. ",
    "timestamp": 1681321150246
  },
  {
    "language": "English",
    "speaker": "Speaker B",
    "text": "Nice. Okay, so as a part of that,  Flow. You're thinking of incorporating like the Skip button again to onboarding. For. ",
    "timestamp": 1681321161203
  },
  {
    "language": "English",
    "speaker": "Speaker A",
    "text": "The one I see a Skip button and had we capture your video call apps. ",
    "timestamp": 1681321163042
  },
  {
    "language": "English",
    "speaker": "Speaker B",
    "text": "Okay. ",
    "timestamp": 1681321170141
  },
  {
    "language": "English",
    "speaker": "Speaker A",
    "text": "Like I don't see like because this is when you have the the extension installed, right? ",
    "timestamp": 1681321170268
  },
  {
    "language": "English",
    "speaker": "Speaker B",
    "text": "Yeah. ",
    "timestamp": 1681321171489
  },
  {
    "language": "English",
    "speaker": "Speaker A",
    "text": "This is from within the extension. ",
    "timestamp": 1681321177027
  },
  {
    "language": "English",
    "speaker": "Speaker B",
    "text": "Yeah. The right. Yeah, if a user ",
    "timestamp": 1681321179042
  },
  {
    "language": "English",
    "speaker": "Speaker A",
    "text": "We need a similar thing on the app. ",
    "timestamp": 1681321188969
  },
  {
    "language": "English",
    "speaker": "Speaker B",
    "text": "Yeah, if a user were to Skip. On like integration. Of the extension. We would need. To incorporate new designs, I think, is a part of the Web environment. Where they could go through that workflow. And right now that I don't, that is not captured by the designs. I'll talk with Cam about that because I know his contract has ended but he said that he would be able to help out with more urgent things. ",
    "timestamp": 1681321229782
  },
  {
    "language": "English",
    "speaker": "Speaker A",
    "text": "I think it's just single view. It's just a Please, make sure you have the insta, the extension install, something like that. ",
    "timestamp": 1681321231544
  },
  {
    "language": "English",
    "speaker": "Speaker B",
    "text": "Yeah. ",
    "timestamp": 1681321232596
  },
  {
    "language": "English",
    "speaker": "Speaker A",
    "text": "It shouldn't be a lot of work. ",
    "timestamp": 1681321233183
  },
  {
    "language": "English",
    "speaker": "Speaker B",
    "text": "Okay, okay. ",
    "timestamp": 1681321233746
  },
  {
    "language": "English",
    "speaker": "Speaker A",
    "text": "Yeah. ",
    "timestamp": 1681321242945
  },
  {
    "language": "English",
    "speaker": "Speaker B",
    "text": "in a few weeks, once a lot of these like encyclopedias, And other Big Data sources land. So just wanted to touch base on that if we don't to hyper optimize for the Wednesday kickoff. But whatever is ready. We'll probably fold in and then yes, I just waiting for there and they're asking about the use case, but I just did what you suggested and told them we were training models. um, ",
    "timestamp": 1681321311297
  },
  {
    "language": "English",
    "speaker": "Speaker A",
    "text": "Yeah, because it's, I mean, from their point of view, it's easier because like, They just need the text. We don't need to keep it up to date. We don't like when you crawl retail or ",
    "timestamp": 1681321315049
  },
  {
    "language": "English",
    "speaker": "Speaker B",
    "text": "Right. Right? ",
    "timestamp": 1681321315100
  },
  {
    "language": "English",
    "speaker": "Speaker A",
    "text": "Real estate websites. ",
    "timestamp": 1681321316494
  },
  {
    "language": "English",
    "speaker": "Speaker B",
    "text": "It's just like a one-time job. ",
    "timestamp": 1681321316526
  },
  {
    "language": "English",
    "speaker": "Speaker A",
    "text": "You have ",
    "timestamp": 1681321317610
  },
  {
    "language": "English",
    "speaker": "Speaker B",
    "text": "Yeah, totally. ",
    "timestamp": 1681321325870
  },
  {
    "language": "English",
    "speaker": "Speaker A",
    "text": "Yeah, and you have to parse everything. It's it's in this case it's  So anyway, we do have new drops ",
    "timestamp": 1681321327972
  },
  {
    "language": "English",
    "speaker": "Speaker B",
    "text": "Yeah. ",
    "timestamp": 1681321335976
  },
  {
    "language": "English",
    "speaker": "Speaker A",
    "text": "coming else. I can Send the summary. But it's mostly the PubMed. Let me check. I think we have four. ",
    "timestamp": 1681321344821
  },
  {
    "language": "English",
    "speaker": "",
    "text": "",
    "timestamp": 1681321354822
  },
  {
    "language": "English",
    "speaker": "Speaker A",
    "text": "so in pure news, Forbes New Yorker ",
    "timestamp": 1681321375566
  },
  {
    "language": "English",
    "speaker": "Speaker B",
    "text": "Nice. ",
    "timestamp": 1681321380044
  },
  {
    "language": "English",
    "speaker": "Speaker A",
    "text": "PubMed, Brics. ",
    "timestamp": 1681321389218
  },
  {
    "language": "English",
    "speaker": "Speaker B",
    "text": "Awesome. Super Cool. And yeah. ",
    "timestamp": 1681321398194
  },
  {
    "language": "English",
    "speaker": "Speaker A",
    "text": "And for zyte I would I would I would give them started on like these big public websites. like stack overflow or read it or like Something like that. Yeah, or Twitter, you know, that's Yeah. ",
    "timestamp": 1681321412105
  },
  {
    "language": "English",
    "speaker": "Speaker B",
    "text": "Yeah, Twitter. We're really excited about and how is the general workflow of me? Just adding  Tickets or the issues Github issues, ",
    "timestamp": 1681321416594
  },
  {
    "language": "English",
    "speaker": "Speaker A",
    "text": "Yeah, there that works. And this week, I'm a bit. ",
    "timestamp": 1681321417303
  },
  {
    "language": "English",
    "speaker": "Speaker B",
    "text": "okay? ",
    "timestamp": 1681321419195
  },
  {
    "language": "English",
    "speaker": "Speaker A",
    "text": "busy, and I love ",
    "timestamp": 1681321422131
  },
  {
    "language": "English",
    "speaker": "Speaker A",
    "text": "Busy. ",
    "timestamp": 1681321422287
  },
  {
    "language": "English",
    "speaker": "Speaker B",
    "text": "No worries, no worries. ",
    "timestamp": 1681321429948
  },
  {
    "language": "English",
    "speaker": "Speaker A",
    "text": "And I love that last week. I was out, but I'll catch up. and yeah, but yeah, some is Cranking. Some I was so spending some time on the extension which I hope we have a working version by the end of this week. On this weekend, probably. ",
    "timestamp": 1681321443535
  },
  {
    "language": "English",
    "speaker": "Speaker B",
    "text": "That sounds great. ",
    "timestamp": 1681321449252
  },
  {
    "language": "English",
    "speaker": "Speaker A",
    "text": "But yeah. So, we'll be able to start testing. ",
    "timestamp": 1681321451719
  },
  {
    "language": "English",
    "speaker": "Speaker B",
    "text": "Anything else you wanted to flag? ",
    "timestamp": 1681321460008
  },
  {
    "language": "English",
    "speaker": "Speaker A",
    "text": "I, Click, that's no way. I was just I'll send an update with the latest data sets. Maybe reply to that. Summary email that I sent. ",
    "timestamp": 1681321473653
  },
  {
    "language": "English",
    "speaker": "Speaker B",
    "text": "Well. sounds good and yet be ",
    "timestamp": 1681321476916
  },
  {
    "language": "English",
    "speaker": "Speaker A",
    "text": "So, you have not used any of the data yet. Basically. ",
    "timestamp": 1681321477570
  },
  {
    "language": "English",
    "speaker": "Speaker B",
    "text": "We have. ",
    "timestamp": 1681321480884
  },
  {
    "language": "English",
    "speaker": "Speaker A",
    "text": "For training. Okay. ",
    "timestamp": 1681321489619
  },
  {
    "language": "English",
    "speaker": "Speaker B",
    "text": "For yeah. Yeah. Fine-tuning But we haven't pulled anything in the pre training yet. But that will be. Yes, I'm just larger sets.  and then, Yeah, it would be great to have. Him like a meeting or touchpoint, or we can do async too, that's easier, but just all getting on the same page. Around. Like where we're at with the meeting? ",
    "timestamp": 1681321510462
  },
  {
    "language": "English",
    "speaker": "Speaker A",
    "text": "Okay. ",
    "timestamp": 1681321513856
  },
  {
    "language": "English",
    "speaker": "Speaker B",
    "text": "Summary tool, maybe next week. Just so we're all on the same page, ",
    "timestamp": 1681321515619
  },
  {
    "language": "English",
    "speaker": "Speaker A",
    "text": "Yeah. ",
    "timestamp": 1681321517964
  },
  {
    "language": "English",
    "speaker": "Speaker B",
    "text": "pre. Initial one. ",
    "timestamp": 1681321525206
  },
  {
    "language": "English",
    "speaker": "Speaker A",
    "text": "Yeah, and I'll need a, I need the domain. Because we need to send emails and ",
    "timestamp": 1681321526643
  },
  {
    "language": "English",
    "speaker": "Speaker B",
    "text": "Yes. Yeah. ",
    "timestamp": 1681321527431
  },
  {
    "language": "English",
    "speaker": "Speaker A",
    "text": "all that. Yeah. ",
    "timestamp": 1681321529943
  },
  {
    "language": "English",
    "speaker": "Speaker B",
    "text": "Yeah, it's totally for us to do that but I'll send that over soon. ",
    "timestamp": 1681321532791
  },
  {
    "language": "English",
    "speaker": "Speaker A",
    "text": "Good. Okay. ",
    "timestamp": 1681321534718
  },
  {
    "language": "English",
    "speaker": "Speaker B",
    "text": "Also well, thanks so much Sydney. ",
    "timestamp": 1681321534727
  },
  {
    "language": "English",
    "speaker": "Speaker A",
    "text": "Good. ",
    "timestamp": 1681321536158
  },
  {
    "language": "English",
    "speaker": "Speaker B",
    "text": "Have a good one. ",
    "timestamp": 1681321537627
  },
  {
    "language": "English",
    "speaker": "Speaker A",
    "text": "About. Have a good good ",
    "timestamp": 1681321538899
  },
  {
    "language": "English",
    "speaker": "Speaker A",
    "text": "About. Have a good conference. ",
    "timestamp": 1681321540630
  },
  {
    "language": "English",
    "speaker": "Speaker B",
    "text": "Bye. Thank you. Thank you. ",
    "timestamp": 1681321542421
  },
  {
    "language": "English",
    "speaker": "Speaker A",
    "text": "Actually. but, ",
    "timestamp": 1681321542424
  }
]